ID=213
Code=200
Label=newlabel
Match=True
